Startpoint: B (input port clocked by VCLK)
Endpoint: Y2 (output port clocked by VCLK)
Path Group: VCLK
Path Type: max

  Delay    Time   Description
---------------------------------------------------------
   0.00    0.00   clock VCLK (rise edge)
   0.00    0.00   clock network delay (ideal)
   0.00    0.00 v input external delay
   0.00    0.00 v B (in)
   0.01    0.01 ^ _1_/ZN (INV_X1)
   0.02    0.04 ^ _5_/ZN (AND2_X1)
   0.00    0.04 ^ Y2 (out)
           0.04   data arrival time

  10.00   10.00   clock VCLK (rise edge)
   0.00   10.00   clock network delay (ideal)
   0.00   10.00   clock reconvergence pessimism
   0.00   10.00   output external delay
          10.00   data required time
---------------------------------------------------------
          10.00   data required time
          -0.04   data arrival time
---------------------------------------------------------
           9.96   slack (MET)


