Startpoint: S (input port clocked by CLK)
Endpoint: Y (output port clocked by CLK)
Path Group: CLK
Path Type: min

  Delay    Time   Description
---------------------------------------------------------
   0.00    0.00   clock CLK (rise edge)
   0.00    0.00   clock network delay (ideal)
   2.00    2.00 ^ input external delay
   0.00    2.00 ^ S (in)
   0.02    2.02 ^ _0_/Z (MUX2_X1)
   0.00    2.02 ^ Y (out)
           2.02   data arrival time

   0.00    0.00   clock CLK (rise edge)
   0.00    0.00   clock network delay (ideal)
   0.00    0.00   clock reconvergence pessimism
  -2.00   -2.00   output external delay
          -2.00   data required time
---------------------------------------------------------
          -2.00   data required time
          -2.02   data arrival time
---------------------------------------------------------
           4.02   slack (MET)


